­ƒÜÇ INITIALIZING DEEP INTEGRITY TEST (Mission 11)...

--- STEP 0: AUTH & SETUP ---
Ô£à Core users logged in
Creating Courier 2...
node.exe : ÔØî Login failed for 
courier2_1770614185903@caribe.com: Request 
failed with status code 401
En línea: 1 Carácter: 1
+ & "C:\Program Files\nodejs/node.exe" 
"C:\Program Files\nodejs/node_mo ...
+ ~~~~~~~~~~~~~~~~~~~~~~~~~~~~~~~~~~~~~~~~~~~~
~~~~~~~~~~~~~~~~~~~~~~~~~
    + CategoryInfo          : NotSpecified: ( 
   ÔØî Login faile...status code 401:String)  
   [], RemoteException
    + FullyQualifiedErrorId : NativeCommandEr 
   ror
 
   Response: {
  statusCode: 401,
  timestamp: '2026-02-09T05:16:26.577Z',
  path: '/auth/login',
  message: 'Invalid credentials'
}
ÔÜá´©Å Could not setup Courier 2, falling back to same courier re-claim mechanism (still valid for logic test)

--- STEP 1: CREATE ORDER (Scenario A Setup) ---
Ô£à Order Created: 70c8aca8-16e0-4cbb-bd8d-cb9724a9ca92
­ƒÆ░ Financials:
   - Subtotal (Items): 8000
   - Tax (IVA 13%): 1040
   - Delivery Fee: 1679
   - Transaction Fee (250 + 5%): 785.95
   - ---
   - Platform Take: 483.95
   - Courier Take: 1595.05
   - FINAL TOTAL: 11504.95
Ô£à Scenario A (Financials v1.2.0): PASSED
Ô£à Order READY

--- STEP 3: RESILIENCE (Scenario B) ---
Ô£à Courier 1 Claimed
Ô£à Courier 1 Released
Ô£à Mission returned to pool
Ô£à Courier 2 (repartidor@caribe.com) Claimed Re-pooled Mission
Ô£à Scenario B (Resilience): PASSED

--- STEP 4: COMPLIANCE (Scenario C) ---
Ô£à Delivery Verified
­ƒº¥ Hacienda Key: 50608022600000000000000000000000010000101106141868
­ƒº¥ Is Electronic Invoice: true
Ô£à Scenario C (Compliance): PASSED

--- Scenario D (Inventory) ---
ÔÜá´©Å SKIPPED: Product inventory tracking not enabled in current phase.

­ƒÄë ALL DEEP VERIFICATION SCENARIOS PASSED! ­ƒÄë
